2026-02-01 16:18:15,441 INFO o.a.j.u.JMeterUtils: Setting Locale to en_EN
2026-02-01 16:18:15,457 INFO o.a.j.JMeter: Loading user properties from: F:\ajmeter\apache-jmeter-5.6.3\bin\user.properties
2026-02-01 16:18:15,458 INFO o.a.j.JMeter: Loading system properties from: F:\ajmeter\apache-jmeter-5.6.3\bin\system.properties
2026-02-01 16:18:15,463 INFO o.a.j.JMeter: Copyright (c) 1998-2024 The Apache Software Foundation
2026-02-01 16:18:15,463 INFO o.a.j.JMeter: Version 5.6.3
2026-02-01 16:18:15,463 INFO o.a.j.JMeter: java.version=17.0.14
2026-02-01 16:18:15,463 INFO o.a.j.JMeter: java.vm.name=OpenJDK 64-Bit Server VM
2026-02-01 16:18:15,463 INFO o.a.j.JMeter: os.name=Windows 11
2026-02-01 16:18:15,463 INFO o.a.j.JMeter: os.arch=amd64
2026-02-01 16:18:15,463 INFO o.a.j.JMeter: os.version=10.0
2026-02-01 16:18:15,463 INFO o.a.j.JMeter: file.encoding=GBK
2026-02-01 16:18:15,463 INFO o.a.j.JMeter: java.awt.headless=true
2026-02-01 16:18:15,463 INFO o.a.j.JMeter: Max memory     =1073741824
2026-02-01 16:18:15,463 INFO o.a.j.JMeter: Available Processors =8
2026-02-01 16:18:15,470 INFO o.a.j.JMeter: Default Locale=English (EN)
2026-02-01 16:18:15,470 INFO o.a.j.JMeter: JMeter  Locale=English (EN)
2026-02-01 16:18:15,470 INFO o.a.j.JMeter: JMeterHome=F:\ajmeter\apache-jmeter-5.6.3
2026-02-01 16:18:15,470 INFO o.a.j.JMeter: user.dir  =F:\PythonProject\week_seven_day_two_to_four_write
2026-02-01 16:18:15,470 INFO o.a.j.JMeter: PWD       =F:\PythonProject\week_seven_day_two_to_four_write
2026-02-01 16:18:24,909 INFO o.a.j.JMeter: IP: 192.168.146.1 Name: XF2503-20250409 FullName: XF2503-20250409
2026-02-01 16:18:24,922 INFO o.a.j.JMeter: Setting property 'jmeter.reportgenerator.outputdir' to:'F:\PythonProject\week_seven_day_two_to_four_write\reports\jmeter_report'
2026-02-01 16:18:24,926 INFO o.a.j.r.d.ReportGenerator: ReportGenerator will use for Parsing the separator: ','
2026-02-01 16:18:24,926 INFO o.a.j.r.d.ReportGenerator: Will only generate report from results file: jmeter_script/result.jtl
2026-02-01 16:18:24,926 INFO o.a.j.r.d.ReportGenerator: Reading report generator properties from: F:\ajmeter\apache-jmeter-5.6.3\bin\reportgenerator.properties
2026-02-01 16:18:24,946 INFO o.a.j.r.d.ReportGenerator: Merging with JMeter properties
2026-02-01 16:18:24,968 INFO o.a.j.r.c.ReportGeneratorConfiguration: Property 'jmeter.reportgenerator.temp_dir' not found, using default value 'temp' instead.
2026-02-01 16:18:24,972 INFO o.a.j.r.c.ReportGeneratorConfiguration: Property 'jmeter.reportgenerator.apdex_per_transaction' not found, using default value 'null' instead.
2026-02-01 16:18:24,976 INFO o.a.j.r.c.ReportGeneratorConfiguration: apdex_per_transaction is empty, not APDEX per transaction customization
2026-02-01 16:18:24,976 INFO o.a.j.r.c.ReportGeneratorConfiguration: Property 'jmeter.reportgenerator.sample_filter' not found, using default value 'null' instead.
2026-02-01 16:18:24,976 INFO o.a.j.r.c.ReportGeneratorConfiguration: Property 'jmeter.reportgenerator.report_title' not found, using default value 'null' instead.
2026-02-01 16:18:24,976 INFO o.a.j.r.c.ReportGeneratorConfiguration: Property 'jmeter.reportgenerator.start_date' not found, using default value 'null' instead.
2026-02-01 16:18:24,976 INFO o.a.j.r.c.ReportGeneratorConfiguration: Property 'jmeter.reportgenerator.end_date' not found, using default value 'null' instead.
2026-02-01 16:18:24,976 INFO o.a.j.r.c.ReportGeneratorConfiguration: Property 'jmeter.reportgenerator.date_format' not found, using default value 'null' instead.
2026-02-01 16:18:24,976 INFO o.a.j.r.c.ReportGeneratorConfiguration: Will use date range start date: null, end date: null
2026-02-01 16:18:24,985 INFO o.a.j.r.c.ReportGeneratorConfiguration: Property 'jmeter.reportgenerator.graph.totalTPS.exclude_controllers' not found, using default value 'false' instead.
2026-02-01 16:18:24,985 INFO o.a.j.r.c.ReportGeneratorConfiguration: Property 'jmeter.reportgenerator.graph.activeThreadsOverTime.exclude_controllers' not found, using default value 'false' instead.
2026-02-01 16:18:24,985 INFO o.a.j.r.c.ReportGeneratorConfiguration: Property 'jmeter.reportgenerator.graph.timeVsThreads.exclude_controllers' not found, using default value 'false' instead.
2026-02-01 16:18:24,985 INFO o.a.j.r.c.ReportGeneratorConfiguration: Property 'jmeter.reportgenerator.graph.responseTimeDistribution.exclude_controllers' not found, using default value 'false' instead.
2026-02-01 16:18:24,985 INFO o.a.j.r.c.ReportGeneratorConfiguration: Property 'jmeter.reportgenerator.graph.transactionsPerSecond.exclude_controllers' not found, using default value 'false' instead.
2026-02-01 16:18:24,985 INFO o.a.j.r.c.ReportGeneratorConfiguration: Property 'jmeter.reportgenerator.graph.responseTimePercentiles.exclude_controllers' not found, using default value 'false' instead.
2026-02-01 16:18:24,986 INFO o.a.j.r.c.ReportGeneratorConfiguration: Property 'jmeter.reportgenerator.graph.responseTimePercentilesOverTime.exclude_controllers' not found, using default value 'false' instead.
2026-02-01 16:18:24,986 INFO o.a.j.r.c.ReportGeneratorConfiguration: Property 'jmeter.reportgenerator.graph.responseTimesOverTime.exclude_controllers' not found, using default value 'false' instead.
2026-02-01 16:18:24,987 INFO o.a.j.r.c.ReportGeneratorConfiguration: Property 'jmeter.reportgenerator.graph.connectTimeOverTime.exclude_controllers' not found, using default value 'false' instead.
2026-02-01 16:18:24,987 INFO o.a.j.r.c.ReportGeneratorConfiguration: Property 'jmeter.reportgenerator.graph.latenciesOverTime.exclude_controllers' not found, using default value 'false' instead.
2026-02-01 16:18:24,987 INFO o.a.j.r.c.ReportGeneratorConfiguration: Property 'jmeter.reportgenerator.exporter.json.filters_only_sample_series' not found, using default value 'true' instead.
2026-02-01 16:18:24,987 INFO o.a.j.r.c.ReportGeneratorConfiguration: Property 'jmeter.reportgenerator.exporter.json.series_filter' not found, using default value '' instead.
2026-02-01 16:18:24,987 INFO o.a.j.r.c.ReportGeneratorConfiguration: Property 'jmeter.reportgenerator.exporter.json.show_controllers_only' not found, using default value 'false' instead.
2026-02-01 16:18:24,989 INFO o.a.j.r.c.ReportGeneratorConfiguration: Property 'jmeter.reportgenerator.exporter.html.filters_only_sample_series' not found, using default value 'true' instead.
2026-02-01 16:18:24,989 INFO o.a.j.r.c.ReportGeneratorConfiguration: Property 'jmeter.reportgenerator.exporter.html.series_filter' not found, using default value '' instead.
2026-02-01 16:18:24,989 INFO o.a.j.r.c.ReportGeneratorConfiguration: Property 'jmeter.reportgenerator.exporter.html.show_controllers_only' not found, using default value 'false' instead.
2026-02-01 16:18:25,146 INFO o.a.j.s.SaveService: Testplan (JMX) version: 2.2. Testlog (JTL) version: 2.2
2026-02-01 16:18:25,166 INFO o.a.j.s.SaveService: Using SaveService properties version 5.0
2026-02-01 16:18:25,169 INFO o.a.j.s.SaveService: Using SaveService properties file encoding UTF-8
2026-02-01 16:18:25,192 INFO o.a.j.r.p.NormalizerSampleConsumer: Using format, 'ms', to parse timeStamp field
2026-02-01 16:18:25,413 INFO o.a.j.r.p.AbstractSampleConsumer: class org.apache.jmeter.report.processor.AggregateConsumer#stopProducing(): beginDate produced 0 samples
2026-02-01 16:18:25,414 INFO o.a.j.r.p.AbstractSampleConsumer: class org.apache.jmeter.report.processor.AggregateConsumer#stopProducing(): endDate produced 0 samples
2026-02-01 16:18:25,417 INFO o.a.j.r.p.AbstractSampleConsumer: class org.apache.jmeter.report.processor.ApdexSummaryConsumer#stopProducing(): apdexSummary produced 0 samples
2026-02-01 16:18:25,417 INFO o.a.j.r.p.AbstractSampleConsumer: class org.apache.jmeter.report.processor.RequestsSummaryConsumer#stopProducing(): requestsSummary produced 0 samples
2026-02-01 16:18:25,436 INFO o.a.j.r.p.AbstractSampleConsumer: class org.apache.jmeter.report.processor.StatisticsSummaryConsumer#stopProducing(): statisticsSummary produced 0 samples
2026-02-01 16:18:25,438 INFO o.a.j.r.p.AbstractSampleConsumer: class org.apache.jmeter.report.processor.Top5ErrorsBySamplerConsumer#stopProducing(): top5ErrorsBySampler produced 0 samples
2026-02-01 16:18:25,440 INFO o.a.j.r.p.AbstractSampleConsumer: class org.apache.jmeter.report.processor.ErrorsSummaryConsumer#stopProducing(): errorsSummary produced 0 samples
2026-02-01 16:18:25,440 INFO o.a.j.r.p.AbstractSampleConsumer: class org.apache.jmeter.report.processor.graph.impl.HitsPerSecondGraphConsumer#stopProducing(): hitsPerSecond produced 0 samples
2026-02-01 16:18:25,452 INFO o.a.j.r.p.AbstractSampleConsumer: class org.apache.jmeter.report.processor.graph.impl.LatencyVSRequestGraphConsumer#stopProducing(): latencyVsRequest produced 0 samples
2026-02-01 16:18:25,452 INFO o.a.j.r.p.AbstractSampleConsumer: class org.apache.jmeter.report.processor.graph.impl.SyntheticResponseTimeDistributionGraphConsumer#stopProducing(): syntheticResponseTimeDistribution produced 0 samples
2026-02-01 16:18:25,452 INFO o.a.j.r.p.AbstractSampleConsumer: class org.apache.jmeter.report.processor.graph.impl.BytesThroughputGraphConsumer#stopProducing(): bytesThroughputOverTime produced 0 samples
2026-02-01 16:18:25,452 INFO o.a.j.r.p.AbstractSampleConsumer: class org.apache.jmeter.report.processor.graph.impl.CodesPerSecondGraphConsumer#stopProducing(): codesPerSecond produced 0 samples
2026-02-01 16:18:25,455 INFO o.a.j.r.p.AbstractSampleConsumer: class org.apache.jmeter.report.processor.graph.impl.ResponseTimeVSRequestGraphConsumer#stopProducing(): responseTimeVsRequest produced 0 samples
2026-02-01 16:18:25,455 INFO o.a.j.r.p.AbstractSampleConsumer: class org.apache.jmeter.report.processor.FilterConsumer#stopProducing(): startIntervalControlerFilter produced 357 samples
2026-02-01 16:18:25,455 INFO o.a.j.r.p.AbstractSampleConsumer: class org.apache.jmeter.report.processor.graph.impl.TotalTPSGraphConsumer#stopProducing(): totalTPS produced 0 samples
2026-02-01 16:18:25,455 INFO o.a.j.r.p.AbstractSampleConsumer: class org.apache.jmeter.report.processor.graph.impl.ActiveThreadsGraphConsumer#stopProducing(): activeThreadsOverTime produced 0 samples
2026-02-01 16:18:25,455 INFO o.a.j.r.p.AbstractSampleConsumer: class org.apache.jmeter.report.processor.graph.impl.TimeVSThreadGraphConsumer#stopProducing(): timeVsThreads produced 0 samples
2026-02-01 16:18:25,456 INFO o.a.j.r.p.AbstractSampleConsumer: class org.apache.jmeter.report.processor.graph.impl.ResponseTimeDistributionGraphConsumer#stopProducing(): responseTimeDistribution produced 0 samples
2026-02-01 16:18:25,456 INFO o.a.j.r.p.AbstractSampleConsumer: class org.apache.jmeter.report.processor.graph.impl.TransactionsPerSecondGraphConsumer#stopProducing(): transactionsPerSecond produced 0 samples
2026-02-01 16:18:25,456 INFO o.a.j.r.p.AbstractSampleConsumer: class org.apache.jmeter.report.processor.graph.impl.ResponseTimePercentilesGraphConsumer#stopProducing(): responseTimePercentiles produced 0 samples
2026-02-01 16:18:25,456 INFO o.a.j.r.p.AbstractSampleConsumer: class org.apache.jmeter.report.processor.graph.impl.ResponseTimePercentilesOverTimeGraphConsumer#stopProducing(): responseTimePercentilesOverTime produced 0 samples
2026-02-01 16:18:25,456 INFO o.a.j.r.p.AbstractSampleConsumer: class org.apache.jmeter.report.processor.graph.impl.ResponseTimeOverTimeGraphConsumer#stopProducing(): responseTimesOverTime produced 0 samples
2026-02-01 16:18:25,456 INFO o.a.j.r.p.AbstractSampleConsumer: class org.apache.jmeter.report.processor.graph.impl.ConnectTimeOverTimeGraphConsumer#stopProducing(): connectTimeOverTime produced 0 samples
2026-02-01 16:18:25,456 INFO o.a.j.r.p.AbstractSampleConsumer: class org.apache.jmeter.report.processor.graph.impl.LatencyOverTimeGraphConsumer#stopProducing(): latenciesOverTime produced 0 samples
2026-02-01 16:18:25,457 INFO o.a.j.r.p.AbstractSampleConsumer: class org.apache.jmeter.report.processor.FilterConsumer#stopProducing(): nameFilter produced 765 samples
2026-02-01 16:18:25,457 INFO o.a.j.r.p.AbstractSampleConsumer: class org.apache.jmeter.report.processor.FilterConsumer#stopProducing(): dateRangeFilter produced 153 samples
2026-02-01 16:18:25,457 INFO o.a.j.r.p.AbstractSampleConsumer: class org.apache.jmeter.report.processor.NormalizerSampleConsumer#stopProducing(): normalizer produced 51 samples
2026-02-01 16:18:25,458 INFO o.a.j.r.p.CsvFileSampleSource: produce(): 51 samples produced in 241ms on channel 0
2026-02-01 16:18:25,458 INFO o.a.j.r.d.ReportGenerator: Exporting data using exporter:'json' of className:'org.apache.jmeter.report.dashboard.JsonExporter'
2026-02-01 16:18:25,587 INFO o.a.j.r.d.JsonExporter: Found data for consumer statisticsSummary?in context
2026-02-01 16:18:25,587 INFO o.a.j.r.d.JsonExporter: Creating statistics for overall
2026-02-01 16:18:25,587 INFO o.a.j.r.d.JsonExporter: Creating statistics for other transactions
2026-02-01 16:18:25,589 INFO o.a.j.r.d.JsonExporter: Checking output folder
2026-02-01 16:18:25,589 INFO o.a.j.r.d.JsonExporter: Writing statistics JSON to F:\PythonProject\week_seven_day_two_to_four_write\reports\jmeter_report\statistics.json
2026-02-01 16:18:25,616 INFO o.a.j.r.d.ReportGenerator: Exporting data using exporter:'html' of className:'org.apache.jmeter.report.dashboard.HtmlTemplateExporter'
2026-02-01 16:18:25,618 INFO o.a.j.r.d.HtmlTemplateExporter: Will generate dashboard in folder: F:\PythonProject\week_seven_day_two_to_four_write\reports\jmeter_report
2026-02-01 16:18:25,749 INFO o.a.j.r.d.HtmlTemplateExporter: Report will be generated in: F:\PythonProject\week_seven_day_two_to_four_write\reports\jmeter_report, creating folder structure
2026-02-01 16:18:25,751 INFO o.a.j.r.d.TemplateVisitor: Copying folder from 'F:\ajmeter\apache-jmeter-5.6.3\bin\report-template' to 'F:\PythonProject\week_seven_day_two_to_four_write\reports\jmeter_report', got message: F:\PythonProject\week_seven_day_two_to_four_write\reports\jmeter_report, found non empty folder with following content [F:\PythonProject\week_seven_day_two_to_four_write\reports\jmeter_report\statistics.json], will be ignored
