2026-02-01 16:16:24,260 INFO o.a.j.u.JMeterUtils: Setting Locale to en_EN
2026-02-01 16:16:24,276 INFO o.a.j.JMeter: Loading user properties from: F:\ajmeter\apache-jmeter-5.6.3\bin\user.properties
2026-02-01 16:16:24,277 INFO o.a.j.JMeter: Loading system properties from: F:\ajmeter\apache-jmeter-5.6.3\bin\system.properties
2026-02-01 16:16:24,283 INFO o.a.j.JMeter: Copyright (c) 1998-2024 The Apache Software Foundation
2026-02-01 16:16:24,283 INFO o.a.j.JMeter: Version 5.6.3
2026-02-01 16:16:24,283 INFO o.a.j.JMeter: java.version=17.0.14
2026-02-01 16:16:24,285 INFO o.a.j.JMeter: java.vm.name=OpenJDK 64-Bit Server VM
2026-02-01 16:16:24,285 INFO o.a.j.JMeter: os.name=Windows 11
2026-02-01 16:16:24,285 INFO o.a.j.JMeter: os.arch=amd64
2026-02-01 16:16:24,285 INFO o.a.j.JMeter: os.version=10.0
2026-02-01 16:16:24,286 INFO o.a.j.JMeter: file.encoding=GBK
2026-02-01 16:16:24,286 INFO o.a.j.JMeter: java.awt.headless=true
2026-02-01 16:16:24,287 INFO o.a.j.JMeter: Max memory     =1073741824
2026-02-01 16:16:24,287 INFO o.a.j.JMeter: Available Processors =8
2026-02-01 16:16:24,292 INFO o.a.j.JMeter: Default Locale=English (EN)
2026-02-01 16:16:24,294 INFO o.a.j.JMeter: JMeter  Locale=English (EN)
2026-02-01 16:16:24,294 INFO o.a.j.JMeter: JMeterHome=F:\ajmeter\apache-jmeter-5.6.3
2026-02-01 16:16:24,294 INFO o.a.j.JMeter: user.dir  =F:\PythonProject\week_seven_day_two_to_four_write\jmeter_script
2026-02-01 16:16:24,294 INFO o.a.j.JMeter: PWD       =F:\PythonProject\week_seven_day_two_to_four_write\jmeter_script
2026-02-01 16:16:33,751 INFO o.a.j.JMeter: IP: 192.168.146.1 Name: XF2503-20250409 FullName: XF2503-20250409
2026-02-01 16:16:33,770 ERROR o.a.j.JMeter: An error occurred: 
org.apache.jmeter.report.config.ConfigurationException: The file F:\PythonProject\week_seven_day_two_to_four_write\jmeter_script\jmeter_script\View_Results_Tree.jmx doesn't exist or can't be opened
	at org.apache.jmeter.JMeter.runNonGui(JMeter.java:950) ~[ApacheJMeter_core.jar:5.6.3]
	at org.apache.jmeter.JMeter.startNonGui(JMeter.java:940) ~[ApacheJMeter_core.jar:5.6.3]
	at org.apache.jmeter.JMeter.start(JMeter.java:508) [ApacheJMeter_core.jar:5.6.3]
	at java.base/jdk.internal.reflect.NativeMethodAccessorImpl.invoke0(Native Method) ~[?:?]
	at java.base/jdk.internal.reflect.NativeMethodAccessorImpl.invoke(NativeMethodAccessorImpl.java:77) ~[?:?]
	at java.base/jdk.internal.reflect.DelegatingMethodAccessorImpl.invoke(DelegatingMethodAccessorImpl.java:43) ~[?:?]
	at java.base/java.lang.reflect.Method.invoke(Method.java:569) ~[?:?]
	at org.apache.jmeter.NewDriver.main(NewDriver.java:259) [ApacheJMeter.jar:5.6.3]
